// Jest Snapshot v1, https://goo.gl/fbAQLP

exports[`MovieExtraDetails Component should match the snapshot 1`] = `
<movie-extra-details>
  <section
    class="row movie-overview-wrapper"
  >
    <div
      class="col-xl-6 offset-xl-3 col-md-8 offset-md-2 col-12 mb-3"
    >
       
    </div>
    <div
      class="col-xl-6 offset-xl-3 col-md-8 offset-md-2 col-12 movie-release-date mb-3 text-center"
    >
       Release date: 
    </div>
    <div
      class="col-xl-6 offset-xl-3 col-md-8 offset-md-2 col-12 movie-homepage mb-3 text-center"
    >
       Homepage: 
      <a
        class="hvr-underline-from-center"
      >
        
      </a>
    </div>
    <div
      class="col-xl-6 offset-xl-3 col-md-8 offset-md-2 col-12 movie-homepage mb-3"
    >
      <div
        class="row"
      >
        <div
          class="col-sm-6 text-center movie-budget"
        >
           Budget: 
        </div>
        <div
          class="col-sm-6 text-center movie-revenue"
        >
           Revenue: 
        </div>
      </div>
    </div>
    <div
      class="col-xl-6 offset-xl-3 col-md-8 offset-md-2 col-12 movie-homepage mb-3"
    >
      
      
      
    </div>
  </section>
</movie-extra-details>
`;
