// Jest Snapshot v1, https://goo.gl/fbAQLP

exports[`SortMovies Component should match the snapshot 1`] = `
<sort-movies
  moviesRouterService={[Function Object]}
  orderingOptions={[Function Array]}
  sortBySelect={[Function FormControl]}
>
  <form
    novalidate=""
  >
    <div
      class="row sort-movies-container"
    >
      <mat-form-field
        class="col-lg-3 offset-lg-9 col-md-4 offset-md-8 col-sm-5 offset-sm-7 col-12 w-100 mat-form-field ng-tns-c3-0 mat-primary"
      >
        <div
          class="mat-form-field-wrapper"
        >
          <div
            class="mat-form-field-flex"
          >
            
            
            <div
              class="mat-form-field-infix"
            >
              <mat-select
                class="mat-select ng-tns-c4-1"
                name="movie-sort-by"
                placeholder="Sort by"
                role="listbox"
              >
                <div
                  aria-hidden="true"
                  cdk-overlay-origin=""
                  class="mat-select-trigger"
                >
                  <div
                    class="mat-select-value"
                  >
                    
                    
                  </div>
                  <div
                    class="mat-select-arrow-wrapper"
                  >
                    <div
                      class="mat-select-arrow"
                    />
                  </div>
                </div>
                
              </mat-select>
              <span
                class="mat-form-field-label-wrapper"
              >
                
              </span>
            </div>
            
          </div>
          
          <div
            class="mat-form-field-subscript-wrapper"
          >
            
            
          </div>
        </div>
      </mat-form-field>
    </div>
  </form>
</sort-movies>
`;
