// Jest Snapshot v1, https://goo.gl/fbAQLP

exports[`FilterMovies Component should match the snapshot 1`] = `
<filter-movies
  genres={[Function Array]}
  genresSelect={[Function FormControl]}
  nameText={[Function FormControl]}
>
  <form
    novalidate=""
  >
    <div
      class="row search-movie-container"
    >
      <mat-form-field
        class="col-md-6 col-12 w-100 mat-form-field ng-tns-c3-0 mat-primary"
      >
        <div
          class="mat-form-field-wrapper"
        >
          <div
            class="mat-form-field-flex"
          >
            
            
            <div
              class="mat-form-field-infix"
            >
              <input
                class="mat-input-element mat-form-field-autofill-control"
                matinput=""
                placeholder="Type the name of the movie..."
              />
              <span
                class="mat-form-field-label-wrapper"
              >
                
              </span>
            </div>
            
          </div>
          
          <div
            class="mat-form-field-subscript-wrapper"
          >
            
            
          </div>
        </div>
      </mat-form-field>
      <mat-form-field
        class="col-md-6 col-12 w-100 mat-form-field ng-tns-c3-1 mat-primary"
      >
        <div
          class="mat-form-field-wrapper"
        >
          <div
            class="mat-form-field-flex"
          >
            
            
            <div
              class="mat-form-field-infix"
            >
              <mat-select
                class="mat-select ng-tns-c4-2"
                multiple=""
                placeholder="Select the genres..."
                role="listbox"
              >
                <div
                  aria-hidden="true"
                  cdk-overlay-origin=""
                  class="mat-select-trigger"
                >
                  <div
                    class="mat-select-value"
                  >
                    
                    
                  </div>
                  <div
                    class="mat-select-arrow-wrapper"
                  >
                    <div
                      class="mat-select-arrow"
                    />
                  </div>
                </div>
                
              </mat-select>
              <span
                class="mat-form-field-label-wrapper"
              >
                
              </span>
            </div>
            
          </div>
          
          <div
            class="mat-form-field-subscript-wrapper"
          >
            
            
          </div>
        </div>
      </mat-form-field>
    </div>
  </form>
</filter-movies>
`;
