// Jest Snapshot v1, https://goo.gl/fbAQLP

exports[`AppComponent should match the snapshot 1`] = `
<app-root
  title={[Function String]}
>
  <div
    class="app-wrapper"
  >
    <app-loader>
      
    </app-loader>
    <router-outlet />
  </div>
</app-root>
`;
