// Jest Snapshot v1, https://goo.gl/fbAQLP

exports[`AppLoader Component should match the snapshot 1`] = `
<app-loader>
  
</app-loader>
`;
